

class __OrchestratorProxy_orchProxy implements orchProxy {
  public function __construct(private \Bottledcode\DurablePhp\OrchestrationContextInterface $context, private \Bottledcode\DurablePhp\State\EntityId $id) {}
  public string $prop {
get {
  return $this->context->waitOne($this->context->callEntity($this->id, "\$prop::get", []));
}
set {
  $this->context->waitOne($this->context->callEntity($this->id, "\$prop::set", [$value]));
}
}
  public function callExample(): string {
    return $this->context->waitOne($this->context->callEntity($this->id, "callExample", func_get_args()));
}
public function signalExample(int $a): void {
    $this->context->signalEntity($this->id, "signalExample", func_get_args());
}
public function pureExample(int|float $number): string {
    return $this->context->waitOne($this->context->callEntity($this->id, "pureExample", func_get_args()));
}
}